
Microsoft Cross-Reference  Version 5.00	      Sun Sep 22 16:01:21 2024


  Symbol Cross-Reference	    (# definition, + modification)	Cref-1

CODE . . . . . . . . . . . . . .    6  

DATA . . . . . . . . . . . . . .    2  
DGROUP . . . . . . . . . . . . .    7  

HELLO. . . . . . . . . . . . . .    3#     9  

START. . . . . . . . . . . . . .    7#    15  

_DATA. . . . . . . . . . . . . .    2# 
_TEXT. . . . . . . . . . . . . .    6# 


 7 Symbols
